
================ TRAIN PRECHECK ================
train_root = /home/jasoncui/datasets/MMAUD/official/train
val_root = /home/jasoncui/datasets/MMAUD/official/val
val_reference = /home/jasoncui/datasets/MMAUD/official/validation_ref_new (for your ref).csv
train_gt_source = sequence_ground_truth
val_gt_source = validation_ref_csv
train_samples = 28600
val_gt_rows = 1600
val_constructed_samples = 1600
t0 == gt_timestamp : PASS
future_event_count : 0
model_params : 1,047,722
expected_params : ~1,047,722
denoise : false
L2_attention : global
seed : 42
checked_timing_samples : train=32 val=32
precheck_rows : /home/jasoncui/projects/rdq-uav-experiment/outputs/own_multimodal_research/lidar_uav_v2/base_precheck_20260919/precheck_samples.csv
================================================

Validation construction audit:
  val_missing_sequence_count = 0
  val_no_history_event_count = 21
  val_empty_lidar_count = 23
  val_fewer_than_20_events_count = 310
  val_invalid_gt_rows = 0
  val_duplicate_timestamp_count = 0
  no-history examples = ['seq0001_valref_000000', 'seq0002_valref_000100', 'seq0003_valref_000200', 'seq0004_valref_000300', 'seq0004_valref_000301']
  <20-event examples = ['seq0001_valref_000000', 'seq0001_valref_000001', 'seq0001_valref_000002', 'seq0001_valref_000003', 'seq0001_valref_000004']

